[stockinsightschool.in/index.html]
[backblue.gif]
[fade.gif]
[index.html]
[connect.facebook.net/en_US/fbevents.js]
[knorish-cdn.azureedge.net/public/9c430378-06cc-4345-851c-4ab9983bfcf2/cssfile/4ti3l.css]
[knorish-asset-cdn.azureedge.net/knorish-static-assets/content/pagebuilder/v2/pagev2.min6704.css]
[knorish-cdn.azureedge.net/public/9c430378-06cc-4345-851c-4ab9983bfcf2/websitelogo/21052021/jw81a.png]
[knorish-asset-cdn.azureedge.net/knorish-static-assets/content/pagebuilder/v2/pagev2.min6704.js]
[stockinsightschool.in/page/contact-2uds4.html]
[stockinsightschool.in/page/privacy-policy-2uds4.html]
[knorish-cdn.azureedge.net/public/4ea8c2be-249f-4635-bbe8-34f2f649b709/builder/01112019/sjg68.jpg]
[stockinsightschool.in/account/login.html]
[knorish-cdn.azureedge.net/public/4ea8c2be-249f-4635-bbe8-34f2f649b709/builder/01112019/4x94e.jpg]
[knorish-cdn.azureedge.net/public/4ea8c2be-249f-4635-bbe8-34f2f649b709/builder/01112019/vhw16.jpg]
[knorish-cdn.azureedge.net/public/4ea8c2be-249f-4635-bbe8-34f2f649b709/builder/01112019/yzeok.jpg]
[knorish-cdn.azureedge.net/public/9c430378-06cc-4345-851c-4ab9983bfcf2/builder/21052021/txxbr.png]
[knorish-cdn.azureedge.net/public/4ea8c2be-249f-4635-bbe8-34f2f649b709/builder/01112019/s65gf.jpg]
[stockinsightschool.in/page/price-action-trading-part-2-advanced-1wb66x.html]
[knorish-cdn.azureedge.net/public/4ea8c2be-249f-4635-bbe8-34f2f649b709/builder/01112019/teqbp.jpg]
[stockinsightschool.in/page/option-chain-analysis-for-nifty-banknifty-intraday-d6c6op.html]
[knorish-cdn.azureedge.net/public/4ea8c2be-249f-4635-bbe8-34f2f649b709/builder/01112019/bd6dw.jpg]
[stockinsightschool.in/page/order-flow-analysis.html]
[knorish-cdn.azureedge.net/public/4ea8c2be-249f-4635-bbe8-34f2f649b709/builder/01112019/fxvgc.jpg]
[stockinsightschool.in/page/advance-options-trading-course.html]
[knorish-cdn.azureedge.net/public/4ea8c2be-249f-4635-bbe8-34f2f649b709/builder/01112019/4g9wd.jpg]
[stockinsightschool.in/page/3-course-bundle-s2tm2ub42b.html]
[knorish-cdn.azureedge.net/public/4ea8c2be-249f-4635-bbe8-34f2f649b709/builder/01112019/uefnh.jpg]
[knorish-cdn.azureedge.net/public/4ea8c2be-249f-4635-bbe8-34f2f649b709/builder/01112019/07pk7.jpg]
[knorish-cdn.azureedge.net/public/9c430378-06cc-4345-851c-4ab9983bfcf2/builder/21052021/ih7gg.png]
[stockinsightschool.in/page/about-2uds4.html]
[stockinsightschool.in/page/index-2uds4.html]
[stockinsightschool.in/page/terms-conditions-m3vu8r.html]
[stockinsightschool.in/page/cancellation-refund-policy-a5sfri.html]
[stockinsightschool.in/cdn-cgi/l/email-protection.html]
[stockinsightschool.in/cdn-cgi/scripts/5c5dd728/cloudflare-static/email-decode.min.js]
[knorish-cdn.azureedge.net/public/9c430378-06cc-4345-851c-4ab9983bfcf2/jsfile/nup62.js]
[stockinsightschool.in/index.html]
[stockinsightschool.in/a]
[stockinsightschool.in/POST]
[stockinsightschool.in/b.resolvedLink]
[stockinsightschool.in/schema.org/index.html]
[stockinsightschool.in/signals/iwl.js]
[connect.facebook.net/en_US/fbevents.js]
[www.googletagmanager.com/gtm5445.html]
[knorish-asset-cdn.azureedge.net/knorish-static-assets/content/pagebuilder/v2/assets/ionicons/fonts/ionicons30f4.eot]
[knorish-asset-cdn.azureedge.net/knorish-static-assets/content/pagebuilder/v2/assets/ionicons/fonts/ionicons30f4.ttf]
[knorish-asset-cdn.azureedge.net/knorish-static-assets/content/pagebuilder/v2/assets/ionicons/fonts/ionicons30f4.woff]
[knorish-asset-cdn.azureedge.net/knorish-static-assets/content/pagebuilder/v2/pagev2.min6704.css]
[knorish-cdn.azureedge.net/public/9c430378-06cc-4345-851c-4ab9983bfcf2/cssfile/4ti3l.css]
[stockinsightschool.in/page/_/knorish-cdn.azureedge.net/public/4ea8c2be-249f-4635-bbe8-34f2f649b709/builder/01112019/a2uc0.jpg_]
[ajax.aspnetcdn.com/ajax/jquery.validate/1.11.1/jquery.validate.min.js]
[stockinsightschool.in/page/contact-2uds4.html]
[stockinsightschool.in/page/privacy-policy-2uds4.html]
[stockinsightschool.in/account/login.html]
[knorish-cdn.azureedge.net/public/9c430378-06cc-4345-851c-4ab9983bfcf2/builder/23052021/x1008.png]
[knorish-cdn.azureedge.net/public/9c430378-06cc-4345-851c-4ab9983bfcf2/builder/23052021/4avxr.png]
[knorish-cdn.azureedge.net/public/9c430378-06cc-4345-851c-4ab9983bfcf2/builder/23052021/0svjr.png]
[knorish-cdn.azureedge.net/public/9c430378-06cc-4345-851c-4ab9983bfcf2/builder/23052021/2v339.png]
[stockinsightschool.in/page/price-action-trading-part-2-advanced-1wb66x.html]
[stockinsightschool.in/page/_/knorish-cdn.azureedge.net/public/4ea8c2be-249f-4635-bbe8-34f2f649b709/builder/01112019/w50wu.jpg_]
[knorish-cdn.azureedge.net/public/9c430378-06cc-4345-851c-4ab9983bfcf2/builder/24072022/6812m.png]
[knorish-cdn.azureedge.net/public/9c430378-06cc-4345-851c-4ab9983bfcf2/builder/24072022/0yag9.png]
[stockinsightschool.in/page/option-chain-analysis-for-nifty-banknifty-intraday-d6c6op.html]
[stockinsightschool.in/page/_/knorish-cdn.azureedge.net/public/4ea8c2be-249f-4635-bbe8-34f2f649b709/builder/01112019/qhn1c.jpg_]
[knorish-cdn.azureedge.net/public/9c430378-06cc-4345-851c-4ab9983bfcf2/builder/27112022/44ixr.png]
[knorish-cdn.azureedge.net/public/9c430378-06cc-4345-851c-4ab9983bfcf2/builder/27112022/u6wne.png]
[knorish-cdn.azureedge.net/public/9c430378-06cc-4345-851c-4ab9983bfcf2/builder/27112022/cbhhz.png]
[knorish-cdn.azureedge.net/public/9c430378-06cc-4345-851c-4ab9983bfcf2/builder/27112022/2wkxp.png]
[stockinsightschool.in/page/order-flow-analysis.html]
[knorish-cdn.azureedge.net/public/9c430378-06cc-4345-851c-4ab9983bfcf2/builder/19022022/sjeyz.png]
[knorish-cdn.azureedge.net/public/9c430378-06cc-4345-851c-4ab9983bfcf2/builder/19022022/5wtux.png]
[knorish-cdn.azureedge.net/public/9c430378-06cc-4345-851c-4ab9983bfcf2/builder/19022022/nzhsk.png]
[knorish-cdn.azureedge.net/public/9c430378-06cc-4345-851c-4ab9983bfcf2/builder/19022022/w06gh.png]
[stockinsightschool.in/page/advance-options-trading-course.html]
[stockinsightschool.in/page/_/knorish-cdn.azureedge.net/public/026304d9-62b2-49ad-8299-94586745a086/builder/30052019/a2wvr.52.delayed]
[knorish-cdn.azureedge.net/public/9c430378-06cc-4345-851c-4ab9983bfcf2/builder/20022022/go751.png]
[stockinsightschool.in/page/course]
[stockinsightschool.in/page/3-course-bundle-s2tm2ub42b.html]
[stockinsightschool.in/page/_/knorish-cdn.azureedge.net/public/4ea8c2be-249f-4635-bbe8-34f2f649b709/builder/01112019/jl71y.jpg_]
[knorish-cdn.azureedge.net/public/4ea8c2be-249f-4635-bbe8-34f2f649b709/builder/01112019/xlva4.jpg]
[knorish-cdn.azureedge.net/public/9c430378-06cc-4345-851c-4ab9983bfcf2/builder/25052021/6j6rn.png]
[knorish-asset-cdn.azureedge.net/knorish-static-assets/images/v1/default_logo.png]
[stockinsightschool.in/page/index.html]
[stockinsightschool.in/page/about.5e.delayed]
[stockinsightschool.in/page/contact]
[stockinsightschool.in/page/about-2uds4.html]
[stockinsightschool.in/page/index-2uds4.html]
[stockinsightschool.in/page/terms-conditions-m3vu8r.html]
[stockinsightschool.in/page/cancellation-refund-policy-a5sfri.html]
[stockinsightschool.in/cdn-cgi/l/email-protection.html]
[stockinsightschool.in/a.html]
[stockinsightschool.in/POST.html]
[stockinsightschool.in/schema.org/index.html]
[stockinsightschool.in/b.html]
[stockinsightschool.in/signals/iwl.html]
[knorish-asset-cdn.azureedge.net/knorish-static-assets/content/pagebuilder/v2/assets/ionicons/fonts/ionicons30f4.svg]
[stockinsightschool.in/page/_/knorish-cdn.azureedge.net/public/4ea8c2be-249f-4635-bbe8-34f2f649b709/builder/01112019/a2uc0.html]
[stockinsightschool.in/page/_/knorish-cdn.azureedge.net/public/4ea8c2be-249f-4635-bbe8-34f2f649b709/builder/01112019/w50wu.html]
[stockinsightschool.in/page/_/knorish-cdn.azureedge.net/public/4ea8c2be-249f-4635-bbe8-34f2f649b709/builder/01112019/qhn1c.html]
[stockinsightschool.in/page/_/knorish-cdn.azureedge.net/public/026304d9-62b2-49ad-8299-94586745a086/builder/30052019/a2wvr.html]
[stockinsightschool.in/page/course.html]
[stockinsightschool.in/page/_/knorish-cdn.azureedge.net/public/4ea8c2be-249f-4635-bbe8-34f2f649b709/builder/01112019/jl71y.html]
[stockinsightschool.in/page/index.html]
[stockinsightschool.in/page/about.html]
[stockinsightschool.in/page/contact.html]
